{
    "table": "example_foreign",
    "columns": {
        "id": {
            "type": "integer",
            "identity": true
        }
    },
    "indexes": [],
    "foreign_keys": []
}